// Jest Snapshot v1, https://goo.gl/fbAQLP

exports[`Category should match snapshop 1`] = `
<div
  className="cat-container"
>
  <button
    className="cat-button"
    disabled={false}
    onClick={[Function]}
  />
</div>
`;

exports[`Category should toggle snippet display 1`] = `
<div
  className="cat-container"
>
  <button
    className="cat-button"
    disabled={false}
    onClick={[Function]}
  />
</div>
`;
